// Vitest Snapshot v1, https://vitest.dev/guide/snapshot.html

exports[`WorkflowProjectGenerator > inlude sandbox > should include a sandbox.py file when passed sandboxInputs 1`] = `
"from vellum import ArrayChatMessageContent, ChatMessage, StringChatMessageContent
from vellum.workflows.sandbox import SandboxRunner

from .inputs import Inputs
from .workflow import Workflow

if __name__ != "__main__":
    raise Exception("This file is not meant to be imported")


runner = SandboxRunner(
    workflow=Workflow,
    inputs=[
        Inputs(
            input="foo",
            chat=[
                ChatMessage(role="USER", text="foo"),
            ],
        ),
        Inputs(
            input="bar",
            chat=[
                ChatMessage(role="USER", content=StringChatMessageContent(value="bar")),
            ],
        ),
        Inputs(
            input="hello",
            chat=[
                ChatMessage(
                    role="USER",
                    content=ArrayChatMessageContent(
                        value=[
                            StringChatMessageContent(value="hello"),
                        ]
                    ),
                ),
            ],
        ),
    ],
)

runner.run()
"
`;
