// Vitest Snapshot v1, https://vitest.dev/guide/snapshot.html

exports[`Workflow Sandbox > write > should generate correct and same code for snake and camel casing of input names 1`] = `
"from vellum.workflows.sandbox import WorkflowSandboxRunner
from .workflow import TestWorkflow
from .inputs import Inputs

if __name__ != "__main__":
    raise Exception("This file is not meant to be imported")


runner = WorkflowSandboxRunner(
    workflow=TestWorkflow(),
    inputs=[
        Inputs(some_foo="some-value"),
        Inputs(some_bar="some-value"),
    ],
)

runner.run()
"
`;

exports[`Workflow Sandbox > write > should generate correct code given inputs 1`] = `
"from vellum.workflows.sandbox import WorkflowSandboxRunner
from .workflow import TestWorkflow
from .inputs import Inputs

if __name__ != "__main__":
    raise Exception("This file is not meant to be imported")


runner = WorkflowSandboxRunner(
    workflow=TestWorkflow(),
    inputs=[
        Inputs(some_foo="some-value"),
        Inputs(some_bar="some-value"),
    ],
)

runner.run()
"
`;
